Testing with Project: Feedback system (ID: 69a923567d7eeca348ada68b)
Target Guide: Dr. Ada Lovelace (9885795006)
node : API Error: { 
error: 'accountSid 
must start with AC' }
At line:1 char:1
+ node scripts/test_wha
tsapp.js > 
test_output.txt 2>&1; 
cat test_output ...
+ ~~~~~~~~~~~~~~~~~~~~~
~~~~~~~~~~~~~~~~~~~~~~~
~~~~~~~~
    + CategoryInfo     
         : NotSpecifi  
  ed: (API Error: {    
 er...tart with AC'    
 }:String) [], Rem    
oteException
    + FullyQualifiedEr 
   rorId : NativeComm  
  andError
 
